// Jest Snapshot v1, https://goo.gl/fbAQLP

exports[`applyEvents should be idempotent 1`] = `Object {}`;

exports[`applyEvents should be idempotent 2`] = `Object {}`;

exports[`applyEvents should support custom event filters 1`] = `
Object {
  "events": Array [
    Object {
      "index": "1",
      "key": Object {
        "id": "0",
        "type": "patient",
      },
      "value": Object {
        "type": "USER_REGISTERED",
        "username": "bob@example.com",
      },
    },
    Object {
      "index": "3",
      "key": Object {
        "id": "0",
        "type": "patient",
      },
      "value": Object {
        "guid": "0x0...",
        "type": "DEVICE_LINKED",
      },
    },
    Object {
      "index": "4",
      "key": Object {
        "id": "0",
        "type": "patient",
      },
      "value": Object {
        "type": "USER_UPDATED",
        "username": "bob2@example.com",
      },
    },
  ],
}
`;
